[9740:22588:0605/092152.011:WARNING:chrome_main_delegate.cc(745)] This is Chrome version 128.0.6613.138 (not a warning)
[9740:3216:0605/092152.043:ERROR:google_update_settings.cc(265)] Failed opening key Software\Chromium to set usagestats; result: 5
[9740:22588:0605/092152.056:WARNING:account_consistency_mode_manager.cc(77)] Desktop Identity Consistency cannot be enabled as no OAuth client ID and client secret have been configured.
[34476:12224:0605/092157.263:WARNING:frame_impl.cc(430)] virtual CefFrameImpl::SendProcessMessage sent to detached frame 5-9F15814FF06627DBBBA79125D1BB1AF7 will be ignored
[42100:16136:0605/092335.106:WARNING:chrome_main_delegate.cc(745)] This is Chrome version 128.0.6613.138 (not a warning)
[42100:24912:0605/092335.133:ERROR:google_update_settings.cc(265)] Failed opening key Software\Chromium to set usagestats; result: 5
[42100:16136:0605/092335.146:WARNING:account_consistency_mode_manager.cc(77)] Desktop Identity Consistency cannot be enabled as no OAuth client ID and client secret have been configured.
[36380:40592:0605/092343.063:WARNING:frame_impl.cc(430)] virtual CefFrameImpl::SendProcessMessage sent to detached frame 5-AD828E60302CBB86C019977C1946466E will be ignored
[42100:36600:0605/092344.393:WARNING:browser_info.cc(345)] Returning a speculative frame for [8,9]
[42100:16136:0605/092345.057:WARNING:browser_info.cc(345)] Returning a speculative frame for [9,9]
[42100:16136:0605/092345.058:WARNING:browser_info.cc(345)] Returning a speculative frame for [9,9]
[42100:16136:0605/092345.058:WARNING:browser_info.cc(345)] Returning a speculative frame for [9,9]
[42100:16136:0605/092345.058:WARNING:browser_info.cc(345)] Returning a speculative frame for [9,9]
[42100:36600:0605/092345.060:WARNING:browser_info.cc(345)] Returning a speculative frame for [9,9]
[12788:15928:0605/092349.388:WARNING:codec.cc(525)] Explicitly added H264 constrained baseline to list of supported formats.
[12788:15928:0605/092349.814:WARNING:codec.cc(525)] Explicitly added H264 constrained baseline to list of supported formats.
[12788:20668:0605/092349.832:WARNING:codec.cc(525)] Explicitly added H264 constrained baseline to list of supported formats.
[12788:20668:0605/092349.832:WARNING:codec.cc(525)] Explicitly added H264 constrained baseline to list of supported formats.
[12788:20668:0605/092349.833:WARNING:codec.cc(525)] Explicitly added H264 constrained baseline to list of supported formats.
[23036:39180:0605/092350.068:WARNING:host_resolver_dns_task.cc(863)] Address list empty after RFC3484 sort
[23036:39180:0605/092350.075:ERROR:socket_manager.cc(147)] Failed to resolve address for stun.cloudflare.com., errorcode: -105
[23036:39180:0605/092350.075:ERROR:socket_manager.cc(147)] Failed to resolve address for stun.cloudflare.com., errorcode: -105
[23036:39180:0605/092350.075:ERROR:socket_manager.cc(147)] Failed to resolve address for stun.cloudflare.com., errorcode: -105
[12788:20668:0605/092350.075:WARNING:stun_port.cc(442)] Port[4238c00:0:1:0:host:Net[any:0:0:0:x:x:x:x:x/0:Wildcard:id=0]]: StunPort: stun host lookup received error -1
[12788:20668:0605/092350.076:WARNING:stun_port.cc(442)] Port[4239400:1:1:0:host:Net[any:0:0:0:x:x:x:x:x/0:Wildcard:id=0]]: StunPort: stun host lookup received error -1
[12788:20668:0605/092350.076:WARNING:stun_port.cc(442)] Port[4239c00:2:1:0:host:Net[any:0:0:0:x:x:x:x:x/0:Wildcard:id=0]]: StunPort: stun host lookup received error -1
[9740:22588:0605/092404.167:WARNING:pref_notifier_impl.cc(41)] Pref observer for media_router.cast_allow_all_ips found at shutdown.
[42100:16136:0605/092405.814:WARNING:pref_notifier_impl.cc(41)] Pref observer for media_router.cast_allow_all_ips found at shutdown.
