[17576:22588:0616/092047.437:WARNING:chrome_main_delegate.cc(745)] This is Chrome version 128.0.6613.138 (not a warning)
[17576:20500:0616/092047.611:ERROR:google_update_settings.cc(265)] Failed opening key Software\Chromium to set usagestats; result: 5
[17576:22588:0616/092047.688:WARNING:account_consistency_mode_manager.cc(77)] Desktop Identity Consistency cannot be enabled as no OAuth client ID and client secret have been configured.
[17576:19852:0616/092050.701:WARNING:leveldb_database.cc(141)] Unable to open C:\Users\Linus\Documents\GitHub\Survival2\Saved\webcache_6613\Default\shared_proto_db\metadata: IO error: C:\Users\Linus\Documents\GitHub\Survival2\Saved\webcache_6613\Default\shared_proto_db\metadata/MANIFEST-000001: Unable to create sequential file (ChromeMethodBFE: 7::NewSequentialFile::1)
[17576:19852:0616/092050.702:WARNING:leveldb_database.cc(141)] Unable to open C:\Users\Linus\Documents\GitHub\Survival2\Saved\webcache_6613\Default\shared_proto_db\metadata: IO error: C:\Users\Linus\Documents\GitHub\Survival2\Saved\webcache_6613\Default\shared_proto_db\metadata/MANIFEST-000001: Unable to create sequential file (ChromeMethodBFE: 7::NewSequentialFile::1)
[17576:19852:0616/092050.704:WARNING:leveldb_database.cc(141)] Unable to open C:\Users\Linus\Documents\GitHub\Survival2\Saved\webcache_6613\Default\shared_proto_db\metadata: IO error: C:\Users\Linus\Documents\GitHub\Survival2\Saved\webcache_6613\Default\shared_proto_db\metadata/MANIFEST-000001: Unable to create sequential file (ChromeMethodBFE: 7::NewSequentialFile::1)
[17576:19852:0616/092050.705:WARNING:leveldb_database.cc(141)] Unable to open C:\Users\Linus\Documents\GitHub\Survival2\Saved\webcache_6613\Default\shared_proto_db\metadata: IO error: C:\Users\Linus\Documents\GitHub\Survival2\Saved\webcache_6613\Default\shared_proto_db\metadata/MANIFEST-000001: Unable to create sequential file (ChromeMethodBFE: 7::NewSequentialFile::1)
[17576:19852:0616/092051.192:WARNING:value_store_frontend.cc(47)] Reading ahfgeienlihckogmohjhadlkjgocpleb.alarms from  failed: IO error: .../MANIFEST-000001: Unable to create sequential file (ChromeMethodBFE: 7::NewSequentialFile::1)
[17576:19852:0616/092051.194:WARNING:value_store_frontend.cc(47)] Reading mhjfbmdgcfjbbpaeojofohoefgiehjai.alarms from  failed: IO error: .../MANIFEST-000001: Unable to create sequential file (ChromeMethodBFE: 7::NewSequentialFile::1)
[19836:7716:0616/092054.189:WARNING:frame_impl.cc(430)] virtual CefFrameImpl::SendProcessMessage sent to detached frame 5-CFF07AFD768617F0F5FFEB9DF8676C50 will be ignored
[39932:24236:0616/092054.531:ERROR:rankings.cc(772)] Inconsistent LRU.
[39932:24236:0616/092054.531:ERROR:backend_impl.cc(989)] Critical error found -8
[39932:24236:0616/092054.531:WARNING:storage_block-inl.h(138)] Failed data load.
[39932:24236:0616/092054.531:WARNING:storage_block-inl.h(138)] Failed data load.
[39932:24236:0616/092054.532:ERROR:entry_impl.cc(1029)] No file for c1030206
[39932:24236:0616/092054.532:WARNING:storage_block-inl.h(138)] Failed data load.
[39932:24236:0616/092054.532:WARNING:storage_block-inl.h(138)] Failed data load.
[39932:24236:0616/092054.532:WARNING:storage_block-inl.h(138)] Failed data load.
[39932:24236:0616/092054.532:WARNING:storage_block-inl.h(138)] Failed data load.
[39932:24236:0616/092054.532:ERROR:entry_impl.cc(1029)] No file for c1030226
[39932:24236:0616/092054.532:WARNING:storage_block-inl.h(138)] Failed data load.
[39932:24236:0616/092054.532:WARNING:storage_block-inl.h(138)] Failed data load.
[39932:24236:0616/092054.532:WARNING:storage_block-inl.h(138)] Failed data load.
[39932:24236:0616/092054.532:WARNING:storage_block-inl.h(138)] Failed data load.
[39932:24236:0616/092054.532:ERROR:entry_impl.cc(1029)] No file for c1030204
[39932:24236:0616/092054.532:WARNING:storage_block-inl.h(138)] Failed data load.
[39932:24236:0616/092054.532:WARNING:storage_block-inl.h(138)] Failed data load.
[39932:24236:0616/092054.532:WARNING:storage_block-inl.h(138)] Failed data load.
[39932:24236:0616/092054.532:WARNING:storage_block-inl.h(138)] Failed data load.
[39932:24236:0616/092054.532:ERROR:entry_impl.cc(1029)] No file for c1030186
[39932:24236:0616/092054.532:WARNING:storage_block-inl.h(138)] Failed data load.
[39932:24236:0616/092054.532:WARNING:storage_block-inl.h(138)] Failed data load.
[39932:24236:0616/092054.532:WARNING:storage_block-inl.h(138)] Failed data load.
[39932:24236:0616/092054.532:WARNING:storage_block-inl.h(138)] Failed data load.
[39932:24236:0616/092054.532:ERROR:entry_impl.cc(1029)] No file for c103020e
[39932:24236:0616/092054.532:WARNING:storage_block-inl.h(138)] Failed data load.
[39932:24236:0616/092054.532:WARNING:storage_block-inl.h(138)] Failed data load.
[39932:24236:0616/092054.532:ERROR:entry_impl.cc(1029)] No file for c1030210
[39932:24236:0616/092054.532:WARNING:storage_block-inl.h(138)] Failed data load.
[39932:24236:0616/092054.532:WARNING:storage_block-inl.h(138)] Failed data load.
[39932:24236:0616/092054.532:WARNING:storage_block-inl.h(138)] Failed data load.
[39932:24236:0616/092054.532:WARNING:storage_block-inl.h(138)] Failed data load.
[39932:24236:0616/092054.532:ERROR:entry_impl.cc(1029)] No file for b30200d0
[39932:24236:0616/092054.532:WARNING:storage_block-inl.h(138)] Failed data load.
[39932:24236:0616/092054.533:WARNING:storage_block-inl.h(138)] Failed data load.
[39932:24236:0616/092054.533:WARNING:storage_block-inl.h(138)] Failed data load.
[39932:24236:0616/092054.533:WARNING:storage_block-inl.h(138)] Failed data load.
[39932:24236:0616/092054.533:WARNING:storage_block-inl.h(138)] Failed data load.
[39932:24236:0616/092054.533:WARNING:storage_block-inl.h(138)] Failed data load.
[39932:24236:0616/092054.533:WARNING:storage_block-inl.h(138)] Failed data load.
[39932:24236:0616/092054.533:WARNING:storage_block-inl.h(138)] Failed data load.
[39932:24236:0616/092054.537:WARNING:storage_block-inl.h(138)] Failed data load.
[39932:24236:0616/092054.537:WARNING:storage_block-inl.h(138)] Failed data load.
[39932:24236:0616/092054.537:WARNING:storage_block-inl.h(138)] Failed data load.
[39932:24236:0616/092054.537:WARNING:storage_block-inl.h(138)] Failed data load.
[39932:24236:0616/092054.537:ERROR:entry_impl.cc(1029)] No file for c1030202
[39932:24236:0616/092054.537:WARNING:storage_block-inl.h(138)] Failed data load.
[39932:24236:0616/092054.537:WARNING:storage_block-inl.h(138)] Failed data load.
[39932:24236:0616/092054.537:WARNING:storage_block-inl.h(138)] Failed data load.
[39932:24236:0616/092054.537:WARNING:storage_block-inl.h(138)] Failed data load.
[39932:24236:0616/092054.537:WARNING:storage_block-inl.h(138)] Failed data load.
[39932:24236:0616/092054.537:ERROR:entry_impl.cc(1029)] No file for a20101bc
[39932:24236:0616/092054.537:WARNING:storage_block-inl.h(138)] Failed data load.
[39932:24236:0616/092054.537:WARNING:storage_block-inl.h(138)] Failed data load.
[39932:24236:0616/092054.537:WARNING:storage_block-inl.h(138)] Failed data load.
[39932:24236:0616/092054.537:WARNING:storage_block-inl.h(138)] Failed data load.
[39932:24236:0616/092054.537:ERROR:entry_impl.cc(1029)] No file for c10301fe
[39932:24236:0616/092054.537:WARNING:storage_block-inl.h(138)] Failed data load.
[39932:24236:0616/092054.537:WARNING:storage_block-inl.h(138)] Failed data load.
[39932:24236:0616/092054.537:WARNING:storage_block-inl.h(138)] Failed data load.
[39932:24236:0616/092054.537:WARNING:storage_block-inl.h(138)] Failed data load.
[39932:24236:0616/092054.537:ERROR:entry_impl.cc(1029)] No file for b10200b2
[39932:24236:0616/092054.538:WARNING:storage_block-inl.h(138)] Failed data load.
[39932:24236:0616/092054.538:WARNING:storage_block-inl.h(138)] Failed data load.
[39932:24236:0616/092054.538:WARNING:storage_block-inl.h(138)] Failed data load.
[39932:24236:0616/092054.538:WARNING:storage_block-inl.h(138)] Failed data load.
[39932:24236:0616/092054.538:WARNING:storage_block-inl.h(138)] Failed data load.
[39932:24236:0616/092054.538:WARNING:storage_block-inl.h(138)] Failed data load.
[39932:24236:0616/092054.625:WARNING:storage_block-inl.h(138)] Failed data load.
[39932:24236:0616/092054.625:WARNING:storage_block-inl.h(138)] Failed data load.
[39932:24236:0616/092054.625:WARNING:storage_block-inl.h(138)] Failed data load.
[17576:22588:0616/095824.075:ERROR:device_event_log_impl.cc(196)] [09:58:24.056] USB: usb_service_win.cc:105 SetupDiGetDeviceProperty({{A45C254E-DF1C-4EFD-8020-67D146A850E0}, 6}) failed: No se ha encontrado el elemento. (0x490)
[17576:22588:0616/095824.095:ERROR:device_event_log_impl.cc(196)] [09:58:24.092] USB: usb_service_win.cc:308 SetupDiEnumDeviceInterfaces: No se dispone de más datos. (0x103)
[17576:22588:0616/095824.104:ERROR:device_event_log_impl.cc(196)] [09:58:24.101] USB: usb_service_win.cc:308 SetupDiEnumDeviceInterfaces: No se dispone de más datos. (0x103)
[17576:22588:0616/095824.111:ERROR:device_event_log_impl.cc(196)] [09:58:24.109] USB: usb_service_win.cc:105 SetupDiGetDeviceProperty({{A45C254E-DF1C-4EFD-8020-67D146A850E0}, 6}) failed: No se ha encontrado el elemento. (0x490)
[17576:22588:0616/095824.128:ERROR:device_event_log_impl.cc(196)] [09:58:24.120] USB: usb_service_win.cc:308 SetupDiEnumDeviceInterfaces: No se dispone de más datos. (0x103)
