[34752:41308:0612/040046.008:WARNING:chrome_main_delegate.cc(745)] This is Chrome version 128.0.6613.138 (not a warning)
[34752:32796:0612/040046.245:ERROR:google_update_settings.cc(265)] Failed opening key Software\Chromium to set usagestats; result: 5
[34752:41308:0612/040046.331:WARNING:account_consistency_mode_manager.cc(77)] Desktop Identity Consistency cannot be enabled as no OAuth client ID and client secret have been configured.
[17436:2468:0612/040058.771:WARNING:frame_impl.cc(430)] virtual CefFrameImpl::SendProcessMessage sent to detached frame 5-3F0B1E99FD3521C6F2A46705B5BB86E0 will be ignored
[34752:41008:0612/040058.888:ERROR:cast_crl.cc(443)] CRL - Verification failed.
[34752:41008:0612/040100.440:WARNING:browser_info.cc(345)] Returning a speculative frame for [9,9]
[34752:41308:0612/040100.771:WARNING:browser_info.cc(345)] Returning a speculative frame for [10,9]
[34752:41308:0612/040100.771:WARNING:browser_info.cc(345)] Returning a speculative frame for [10,9]
[34752:41308:0612/040100.771:WARNING:browser_info.cc(345)] Returning a speculative frame for [10,9]
[34752:41308:0612/040100.771:WARNING:browser_info.cc(345)] Returning a speculative frame for [10,9]
[34752:41008:0612/040100.773:WARNING:browser_info.cc(345)] Returning a speculative frame for [10,9]
[16324:35568:0612/040105.770:WARNING:codec.cc(525)] Explicitly added H264 constrained baseline to list of supported formats.
[16324:35568:0612/040106.170:WARNING:codec.cc(525)] Explicitly added H264 constrained baseline to list of supported formats.
[16324:16952:0612/040106.181:WARNING:codec.cc(525)] Explicitly added H264 constrained baseline to list of supported formats.
[16324:16952:0612/040106.181:WARNING:codec.cc(525)] Explicitly added H264 constrained baseline to list of supported formats.
[16324:16952:0612/040106.181:WARNING:codec.cc(525)] Explicitly added H264 constrained baseline to list of supported formats.
[27944:32392:0612/040106.451:WARNING:host_resolver_dns_task.cc(863)] Address list empty after RFC3484 sort
[27944:32392:0612/040106.462:ERROR:socket_manager.cc(147)] Failed to resolve address for stun.cloudflare.com., errorcode: -105
[27944:32392:0612/040106.463:ERROR:socket_manager.cc(147)] Failed to resolve address for stun.cloudflare.com., errorcode: -105
[27944:32392:0612/040106.463:ERROR:socket_manager.cc(147)] Failed to resolve address for stun.cloudflare.com., errorcode: -105
[16324:16952:0612/040106.463:WARNING:stun_port.cc(442)] Port[4898000:0:1:0:host:Net[any:0:0:0:x:x:x:x:x/0:Wildcard:id=0]]: StunPort: stun host lookup received error -1
[16324:16952:0612/040106.463:WARNING:stun_port.cc(442)] Port[4898400:1:1:0:host:Net[any:0:0:0:x:x:x:x:x/0:Wildcard:id=0]]: StunPort: stun host lookup received error -1
[16324:16952:0612/040106.463:WARNING:stun_port.cc(442)] Port[4898c00:2:1:0:host:Net[any:0:0:0:x:x:x:x:x/0:Wildcard:id=0]]: StunPort: stun host lookup received error -1
[18508:26068:0612/040312.873:ERROR:shared_image_manager.cc(224)] SharedImageManager::ProduceSkia: Trying to Produce a Skia representation from a non-existent mailbox.
[18508:26068:0612/040312.873:ERROR:shared_image_manager.cc(224)] SharedImageManager::ProduceSkia: Trying to Produce a Skia representation from a non-existent mailbox.
[34752:41008:0612/053742.599:ERROR:cast_crl.cc(443)] CRL - Verification failed.
[34752:41308:0612/065603.709:ERROR:device_event_log_impl.cc(196)] [06:56:03.694] USB: usb_service_win.cc:105 SetupDiGetDeviceProperty({{A45C254E-DF1C-4EFD-8020-67D146A850E0}, 6}) failed: No se ha encontrado el elemento. (0x490)
[34752:41308:0612/065603.710:ERROR:device_event_log_impl.cc(196)] [06:56:03.709] USB: usb_service_win.cc:105 SetupDiGetDeviceProperty({{A45C254E-DF1C-4EFD-8020-67D146A850E0}, 6}) failed: No se ha encontrado el elemento. (0x490)
[34752:41308:0612/065603.732:ERROR:device_event_log_impl.cc(196)] [06:56:03.724] USB: usb_service_win.cc:308 SetupDiEnumDeviceInterfaces: No se dispone de más datos. (0x103)
[34752:41308:0612/065603.732:ERROR:device_event_log_impl.cc(196)] [06:56:03.725] USB: usb_service_win.cc:105 SetupDiGetDeviceProperty({{A45C254E-DF1C-4EFD-8020-67D146A850E0}, 6}) failed: No se ha encontrado el elemento. (0x490)
[34752:41308:0612/074156.516:WARNING:pref_notifier_impl.cc(41)] Pref observer for media_router.cast_allow_all_ips found at shutdown.
